Loading checkpoint shards:   0%|          | 0/4 [00:00<?, ?it/s]Loading checkpoint shards:  25%|██▌       | 1/4 [00:00<00:01,  1.74it/s]Loading checkpoint shards:  50%|█████     | 2/4 [00:01<00:01,  1.74it/s]Loading checkpoint shards:  75%|███████▌  | 3/4 [00:01<00:00,  1.76it/s]Loading checkpoint shards: 100%|██████████| 4/4 [00:02<00:00,  2.09it/s]Loading checkpoint shards: 100%|██████████| 4/4 [00:02<00:00,  1.95it/s]
{
  "completed_utc": "2026-08-11T17:37:52.913112+00:00",
  "model_id": "nvidia/NVIDIA-Nemotron-Nano-9B-v2",
  "revision": "6533e8de2c68e4536bf7c411d7a3ce5734111476",
  "model_type": "nemotron_h",
  "use_mamba_kernels": true,
  "use_cache": false,
  "implementation": "pinned_upstream",
  "compatibility_modeling_sha256": null,
  "generated_text": "Combining Mamba-2 and attention layers can enhance model efficiency and performance by leveraging Mamba-2's linear",
  "input_tokens": 31,
  "generated_tokens": 24,
  "elapsed_seconds": 45.60878759600746,
  "peak_gpu_memory_bytes": 18168224768,
  "gpu": {
    "name": "NVIDIA GH200 120GB",
    "total_memory_bytes": 102005473280,
    "visible_device_count": 1,
    "cuda_visible_devices": "2"
  },
  "runtime": {
    "hostname": "nid010197",
    "python": "3.13.12",
    "torch": "2.9.1+cu126",
    "torch_cuda": "12.6",
    "transformers": "4.57.1",
    "accelerate": "1.11.0"
  }
}
