[setup] dev=cuda 窗口(100000, 16, 43) D=688 train=90000 test=10000 Σcond=3.041e+05
[base] FLOOR 真实vs真实   l1=0.1815 ws=0.0228 ks=0.1762
[base] N(0,Σ) 未训练      l1=0.4271 ws=0.1699 ks=0.3934
[setup] iid_wide 主干宽度 480 (目标参数 900,528, 实得 907,888)
[setup] 评估点 [300, 600, 1200, 2400, 4200, 7200, 12000, 19200, 30000, 43200, 60000]
[train] arm=iid 参数=459,184
    [iid] step    300 loss 0.8134 l1=0.8170 ws=1.2452 ks=0.6422
    [iid] step    600 loss 0.7669 l1=0.8171 ws=1.2396 ks=0.6947
    [iid] step   1200 loss 0.7407 l1=0.8170 ws=1.2348 ks=0.6929
    [iid] step   2400 loss 0.7502 l1=0.8175 ws=1.2391 ks=0.6940
    [iid] step   4200 loss 0.7521 l1=0.8175 ws=1.2359 ks=0.6929
    [iid] step   7200 loss 0.7393 l1=0.8186 ws=1.2437 ks=0.6917
    [iid] step  12000 loss 0.7341 l1=0.8180 ws=1.2384 ks=0.6925
    [iid] step  19200 loss 0.7427 l1=0.8183 ws=1.2426 ks=0.6906
    [iid] step  30000 loss 0.7502 l1=0.8181 ws=1.2453 ks=0.6903
    [iid] step  43200 loss 0.7328 l1=0.8178 ws=1.2467 ks=0.6917
    [iid] step  60000 loss 0.7374 l1=0.8175 ws=1.2456 ks=0.6908
    [iid] NFE=   5 l1=0.8176 ws=1.2453 ks=0.6907
    [iid] NFE=  10 l1=0.8175 ws=1.2454 ks=0.6907
    [iid] NFE=  20 l1=0.8174 ws=1.2454 ks=0.6907
    [iid] NFE=  50 l1=0.8175 ws=1.2456 ks=0.6908
    [iid] NFE= 100 l1=0.8175 ws=1.2455 ks=0.6907
    [iid] NFE= 200 l1=0.8175 ws=1.2456 ks=0.6907
[train] arm=iid 完成, 用时 171.0s
[train] arm=iid_wide 参数=939,888
    [iid_wide] step    300 loss 0.7056 l1=0.8168 ws=1.2505 ks=0.6980
    [iid_wide] step    600 loss 0.6301 l1=0.8185 ws=1.2491 ks=0.6970
    [iid_wide] step   1200 loss 0.5922 l1=0.8181 ws=1.2382 ks=0.6941
    [iid_wide] step   2400 loss 0.6047 l1=0.8182 ws=1.2409 ks=0.6934
    [iid_wide] step   4200 loss 0.6080 l1=0.8187 ws=1.2392 ks=0.6932
    [iid_wide] step   7200 loss 0.5907 l1=0.8207 ws=1.2567 ks=0.6964
    [iid_wide] step  12000 loss 0.5812 l1=0.8198 ws=1.2410 ks=0.6932
    [iid_wide] step  19200 loss 0.5968 l1=0.8201 ws=1.2467 ks=0.6935
    [iid_wide] step  30000 loss 0.6046 l1=0.8194 ws=1.2478 ks=0.6906
    [iid_wide] step  43200 loss 0.5726 l1=0.8187 ws=1.2493 ks=0.6920
    [iid_wide] step  60000 loss 0.5814 l1=0.8183 ws=1.2520 ks=0.6918
    [iid_wide] NFE=   5 l1=0.8187 ws=1.2518 ks=0.6918
    [iid_wide] NFE=  10 l1=0.8185 ws=1.2518 ks=0.6918
    [iid_wide] NFE=  20 l1=0.8184 ws=1.2518 ks=0.6918
    [iid_wide] NFE=  50 l1=0.8183 ws=1.2520 ks=0.6918
    [iid_wide] NFE= 100 l1=0.8183 ws=1.2520 ks=0.6918
    [iid_wide] NFE= 200 l1=0.8183 ws=1.2520 ks=0.6919
[train] arm=iid_wide 完成, 用时 248.5s
[train] arm=hdgn_fixed 参数=459,184
    [hdgn_fixed] step    300 loss 0.9963 l1=0.7999 ws=1.2212 ks=0.6260
    [hdgn_fixed] step    600 loss 1.0040 l1=0.7996 ws=1.2211 ks=0.6257
    [hdgn_fixed] step   1200 loss 1.0032 l1=0.7996 ws=1.2210 ks=0.6253
    [hdgn_fixed] step   2400 loss 1.0011 l1=0.7996 ws=1.2204 ks=0.6253
    [hdgn_fixed] step   4200 loss 1.0000 l1=0.7997 ws=1.2200 ks=0.6250
    [hdgn_fixed] step   7200 loss 0.9972 l1=0.7996 ws=1.2196 ks=0.6247
    [hdgn_fixed] step  12000 loss 0.9971 l1=0.7996 ws=1.2196 ks=0.6247
    [hdgn_fixed] step  19200 loss 0.9953 l1=0.7997 ws=1.2193 ks=0.6246
    [hdgn_fixed] step  30000 loss 0.9999 l1=0.7997 ws=1.2195 ks=0.6247
    [hdgn_fixed] step  43200 loss 0.9994 l1=0.7997 ws=1.2195 ks=0.6246
    [hdgn_fixed] step  60000 loss 0.9941 l1=0.7997 ws=1.2193 ks=0.6247
    [hdgn_fixed] NFE=   5 l1=0.7997 ws=1.2193 ks=0.6247
    [hdgn_fixed] NFE=  10 l1=0.7997 ws=1.2193 ks=0.6247
    [hdgn_fixed] NFE=  20 l1=0.7997 ws=1.2193 ks=0.6247
    [hdgn_fixed] NFE=  50 l1=0.7997 ws=1.2193 ks=0.6247
    [hdgn_fixed] NFE= 100 l1=0.7997 ws=1.2193 ks=0.6247
    [hdgn_fixed] NFE= 200 l1=0.7997 ws=1.2193 ks=0.6247
[train] arm=hdgn_fixed 完成, 用时 341.1s
[train] arm=hdgn_learned 参数=932,528
    [hdgn_learned] step    300 loss 3.0511 l1=0.8165 ws=1.2355 ks=0.6916
    [hdgn_learned] step    600 loss 2.3435 l1=0.8173 ws=1.2366 ks=0.6925
